Student ID,Group,Result AC,Result PC,Q1A1,Q1A2,Q1A3,Q1A4,Q2A1,Q2A2,Q2A3,Q2A4,Q3A1,Q3A2,Q3A3,Q3A4,Q4A1,Q4A2,Q4A3,Q4A4,Q5A1,Q5A2,Q5A3,Q5A4,Q6A1,Q6A2,Q6A3,Q6A4,Q7A1,Q7A2,Q7A3,Q7A4,Q8A1,Q8A2,Q8A3,Q8A4,Q9A1,Q9A2,Q9A3,Q9A4,Q10A1,Q10A2,Q10A3,Q10A4,Q11A1,Q11A2,Q11A3,Q11A4,Q12A1,Q12A2,Q12A3,Q12A4,Q13A1,Q13A2,Q13A3,Q13A4,Q14A1,Q14A2,Q14A3,Q14A4,Q15A1,Q15A2,Q15A3,Q15A4,Q16A1,Q16A2,Q16A3,Q16A4,Q17A1,Q17A2,Q17A3,Q17A4,Q18A1,Q18A2,Q18A3,Q18A4,Q19A1,Q19A2,Q19A3,Q19A4,Q20A1,Q20A2,Q20A3,Q20A4,Q21A1,Q21A2,Q21A3,Q21A4,Q22A1,Q22A2,Q22A3,Q22A4,Q23A1,Q23A2,Q23A3,Q23A4,Q24A1,Q24A2,Q24A3,Q24A4,Q25A1,Q25A2,Q25A3,Q25A4,Q26A1,Q26A2,Q26A3,Q26A4,Q27A1,Q27A2,Q27A3,Q27A4,Q28A1,Q28A2,Q28A3,Q28A4,Q29A1,Q29A2,Q29A3,Q29A4,Q30A1,Q30A2,Q30A3,Q30A4,Q31A1,Q31A2,Q31A3,Q31A4,Q32A1,Q32A2,Q32A3,Q32A4,Q33A1,Q33A2,Q33A3,Q33A4,Q34A1,Q34A2,Q34A3,Q34A4,Q35A1,Q35A2,Q35A3,Q35A4,Q36A1,Q36A2,Q36A3,Q36A4,Q37A1,Q37A2,Q37A3,Q37A4,Q38A1,Q38A2,Q38A3,Q38A4,Q39A1,Q39A2,Q39A3,Q39A4,Q40A1,Q40A2,Q40A3,Q40A4,Q41A1,Q41A2,Q41A3,Q41A4,Q42A1,Q42A2,Q42A3,Q42A4,Q43A1,Q43A2,Q43A3,Q43A4,Q44A1,Q44A2,Q44A3,Q44A4,Q45A1,Q45A2,Q45A3,Q45A4,Q46A1,Q46A2,Q46A3,Q46A4,Q47A1,Q47A2,Q47A3,Q47A4,Q48A1,Q48A2,Q48A3,Q48A4,Q49A1,Q49A2,Q49A3,Q49A4,Q50A1,Q50A2,Q50A3,Q50A4
Answer Key,b,10,10,1,0,0,0,0,1,0,0,1,1,1,1,0,1,0,1,0,0,1,0,0,1,0,0,0,0,0,0,0,0,0,0,0,0,0,0,0,1,0,0,0,0,0,0,0,1,0,0,0,0,0,0,0,0,0,0,0,1,0,0,0,0,0,0,0,0,0,0,0,0,0,0,0,0,0,0,0,0,0,0,0,0,1,0,0,0,0,0,0,0,0,0,0,0,0,0,0,0,0,0,0,0,0,0,0,0,0,0,0,0,0,0,0,0,0,0,0,0,0,0,0,0,0,0,0,0,0,0,0,0,0,0,0,0,0,0,0,0,0,0,0,0,0,0,0,0,0,0,0,0,0,0,0,0,0,0,0,0,0,0,0,0,0,0,0,0,0,0,0,0,0,0,0,0,0,0,0,0,0,0,0,0,0,0,0,0,0,0,0,0,0,0,0,0,0,0,0,0,0,0
654321,b,7,7.75,1,0,0,0,0,1,0,0,0,0,1,0,0,0,0,1,0,0,0,0,0,1,0,0,0,0,0,0,0,0,0,0,0,0,0,0,0,1,0,0,0,0,0,0,0,1,0,0,0,0,0,0,0,0,0,0,0,1,0,0,0,0,0,0,0,0,0,0,0,0,0,0,0,0,0,0,0,0,0,0,0,0,1,0,0,0,0,0,0,0,0,0,0,0,0,0,0,0,0,0,0,0,0,0,0,0,0,0,0,0,0,0,0,0,0,0,0,0,0,0,0,0,0,0,0,0,0,0,0,0,0,0,0,0,0,0,0,0,0,0,0,0,0,0,0,0,0,0,0,0,0,0,0,0,0,0,0,0,0,0,0,0,0,0,0,0,0,0,0,0,0,0,0,0,0,0,0,0,0,0,0,0,0,0,0,0,0,0,0,0,0,0,0,0,0,0,0,0,0,0
